// Jest Snapshot v1, https://goo.gl/fbAQLP

exports[`Components > UserList Render a snapshot for Link use enzyme 1`] = `
<div
  className="card"
>
  <div
    className="card-header"
  >
    <i>
       Danh sách người dùng
    </i>
  </div>
  <div
    className="card-body"
  >
    <input
      className="form-control"
      name="key_search"
      onChange={
        [MockFunction] {
          "calls": Array [
            Array [
              Object {
                "preventDefault": [Function],
                "target": Object {
                  "value": "the-value",
                },
              },
            ],
            Array [
              Object {
                "preventDefault": [Function],
                "target": Object {
                  "value": "the-value",
                },
              },
            ],
            Array [
              Object {
                "preventDefault": [Function],
                "target": Object {
                  "value": "the-value",
                },
              },
            ],
          ],
          "results": Array [
            Object {
              "isThrow": false,
              "value": undefined,
            },
            Object {
              "isThrow": false,
              "value": undefined,
            },
            Object {
              "isThrow": false,
              "value": undefined,
            },
          ],
        }
      }
      placeholder="Key search"
      type="text"
    />
    <br />
    <table
      className="table table-responsive-sm table-bordered table-striped table-sm"
    >
      <thead>
        <tr>
          <th
            name="username"
          >
            Username
          </th>
          <th
            name="name"
          >
            Name
          </th>
          <th
            name="email"
          >
            Email
          </th>
          <th
            name="options"
          >
            Options
          </th>
        </tr>
      </thead>
      <tbody>
        <Connect(User)
          email="sasassss"
          id={77}
          key="0"
          name="ddang"
          username="asasassssss"
        />
        <Connect(User)
          email="2222"
          id={77}
          key="1"
          name="3333"
          username="1111"
        />
        <tr>
          <td>
            <input
              className="form-control"
              name="username"
              onChange={
                [MockFunction] {
                  "calls": Array [
                    Array [
                      Object {
                        "preventDefault": [Function],
                        "target": Object {
                          "value": "the-value",
                        },
                      },
                    ],
                    Array [
                      Object {
                        "preventDefault": [Function],
                        "target": Object {
                          "value": "the-value",
                        },
                      },
                    ],
                    Array [
                      Object {
                        "preventDefault": [Function],
                        "target": Object {
                          "value": "the-value",
                        },
                      },
                    ],
                  ],
                  "results": Array [
                    Object {
                      "isThrow": false,
                      "value": undefined,
                    },
                    Object {
                      "isThrow": false,
                      "value": undefined,
                    },
                    Object {
                      "isThrow": false,
                      "value": undefined,
                    },
                  ],
                }
              }
              placeholder="Enter your username"
              type="text"
            />
          </td>
          <td>
            <input
              className="form-control"
              name="name"
              onChange={
                [MockFunction] {
                  "calls": Array [
                    Array [
                      Object {
                        "preventDefault": [Function],
                        "target": Object {
                          "value": "the-value",
                        },
                      },
                    ],
                    Array [
                      Object {
                        "preventDefault": [Function],
                        "target": Object {
                          "value": "the-value",
                        },
                      },
                    ],
                    Array [
                      Object {
                        "preventDefault": [Function],
                        "target": Object {
                          "value": "the-value",
                        },
                      },
                    ],
                  ],
                  "results": Array [
                    Object {
                      "isThrow": false,
                      "value": undefined,
                    },
                    Object {
                      "isThrow": false,
                      "value": undefined,
                    },
                    Object {
                      "isThrow": false,
                      "value": undefined,
                    },
                  ],
                }
              }
              placeholder="Enter your name"
              type="text"
            />
          </td>
          <td>
            <input
              className="form-control"
              name="email"
              onChange={
                [MockFunction] {
                  "calls": Array [
                    Array [
                      Object {
                        "preventDefault": [Function],
                        "target": Object {
                          "value": "the-value",
                        },
                      },
                    ],
                    Array [
                      Object {
                        "preventDefault": [Function],
                        "target": Object {
                          "value": "the-value",
                        },
                      },
                    ],
                    Array [
                      Object {
                        "preventDefault": [Function],
                        "target": Object {
                          "value": "the-value",
                        },
                      },
                    ],
                  ],
                  "results": Array [
                    Object {
                      "isThrow": false,
                      "value": undefined,
                    },
                    Object {
                      "isThrow": false,
                      "value": undefined,
                    },
                    Object {
                      "isThrow": false,
                      "value": undefined,
                    },
                  ],
                }
              }
              placeholder="Enter your email"
              type="email"
            />
          </td>
          <td>
            <button
              className="btn btn-success"
              href="#"
              onClick={
                [MockFunction] {
                  "calls": Array [
                    Array [],
                  ],
                  "results": Array [
                    Object {
                      "isThrow": false,
                      "value": undefined,
                    },
                  ],
                }
              }
              style={
                Object {
                  "margin": 4,
                }
              }
            >
              <i
                className="icons font-l d-block mt-0 cui-check"
              />
            </button>
            <button
              className="btn btn-danger"
              href="#"
            >
              <i
                className="icons font-l d-block mt-0 cui-trash"
              />
            </button>
          </td>
        </tr>
      </tbody>
    </table>
    <nav>
      <ul
        className="pagination"
      >
        <li
          className="page-item"
        >
          <a
            className="page-link"
            href="list/"
          >
            Prev
          </a>
        </li>
        <li
          className="page-time active"
        >
          <a
            className="page-link"
            href="list/1"
          >
            1
          </a>
        </li>
        <li
          className="page-time active"
          key="0"
        >
          <a
            className="page-link"
            href="list/1"
          >
            1
          </a>
        </li>
        <li
          className="page-item"
        >
          <a
            className="page-link"
            href="list/2"
          >
            Next
          </a>
        </li>
      </ul>
    </nav>
  </div>
</div>
`;
